  source.cpp
D:\pCloud\pCloud\GitHubRepositories\OpenGL-Voxels-Data-View\Cpp-3D-Interactive-Graphs-OpenGL\Dependencies\bullet\include\LinearMath\btIDebugDraw.h(169,93): warning C4305: 'argument': truncation from 'double' to 'const btScalar'
  (compiling source file 'source.cpp')
  
D:\pCloud\pCloud\GitHubRepositories\OpenGL-Voxels-Data-View\Cpp-3D-Interactive-Graphs-OpenGL\Dependencies\bullet\include\LinearMath\btIDebugDraw.h(169,89): warning C4305: 'argument': truncation from 'double' to 'const btScalar'
  (compiling source file 'source.cpp')
  
D:\pCloud\pCloud\GitHubRepositories\OpenGL-Voxels-Data-View\Cpp-3D-Interactive-Graphs-OpenGL\Dependencies\bullet\include\LinearMath\btIDebugDraw.h(170,94): warning C4305: 'argument': truncation from 'double' to 'const btScalar'
  (compiling source file 'source.cpp')
  
D:\pCloud\pCloud\GitHubRepositories\OpenGL-Voxels-Data-View\Cpp-3D-Interactive-Graphs-OpenGL\Dependencies\bullet\include\LinearMath\btIDebugDraw.h(170,85): warning C4305: 'argument': truncation from 'double' to 'const btScalar'
  (compiling source file 'source.cpp')
  
D:\pCloud\pCloud\GitHubRepositories\OpenGL-Voxels-Data-View\Cpp-3D-Interactive-Graphs-OpenGL\Dependencies\bullet\include\LinearMath\btIDebugDraw.h(171,90): warning C4305: 'argument': truncation from 'double' to 'const btScalar'
  (compiling source file 'source.cpp')
  
D:\pCloud\pCloud\GitHubRepositories\OpenGL-Voxels-Data-View\Cpp-3D-Interactive-Graphs-OpenGL\Dependencies\bullet\include\LinearMath\btIDebugDraw.h(171,85): warning C4305: 'argument': truncation from 'double' to 'const btScalar'
  (compiling source file 'source.cpp')
  
D:\pCloud\pCloud\GitHubRepositories\OpenGL-Voxels-Data-View\Cpp-3D-Interactive-Graphs-OpenGL\TEXT_RENDER.hpp(19,10): warning C4067: unexpected tokens following preprocessor directive - expected a newline
  (compiling source file 'source.cpp')
  
D:\pCloud\pCloud\GitHubRepositories\OpenGL-Voxels-Data-View\Cpp-3D-Interactive-Graphs-OpenGL\TEXT_RENDER.hpp(107,29): warning C4838: conversion from 'FT_Pos' to 'GLuint' requires a narrowing conversion
  (compiling source file 'source.cpp')
  
D:\pCloud\pCloud\GitHubRepositories\OpenGL-Voxels-Data-View\Cpp-3D-Interactive-Graphs-OpenGL\Dependencies\bullet\include\LinearMath\btAlignedObjectArray.h(276,10): warning C5033: 'register' is no longer a supported storage class
  (compiling source file 'source.cpp')
      D:\pCloud\pCloud\GitHubRepositories\OpenGL-Voxels-Data-View\Cpp-3D-Interactive-Graphs-OpenGL\Dependencies\bullet\include\LinearMath\btAlignedObjectArray.h(276,10):
      the template instantiation context (the oldest one first) is
          D:\pCloud\pCloud\GitHubRepositories\OpenGL-Voxels-Data-View\Cpp-3D-Interactive-Graphs-OpenGL\Dependencies\bullet\include\BulletCollision\BroadphaseCollision\btDbvt.h(396,46):
          see reference to class template instantiation 'btAlignedObjectArray<btDbvt::sStkNPS>' being compiled
          D:\pCloud\pCloud\GitHubRepositories\OpenGL-Voxels-Data-View\Cpp-3D-Interactive-Graphs-OpenGL\Dependencies\bullet\include\LinearMath\btAlignedObjectArray.h(274,26):
          while compiling class template member function 'void btAlignedObjectArray<btDbvt::sStkNPS>::push_back(const T &)'
          with
          [
              T=btDbvt::sStkNPS
          ]
              D:\pCloud\pCloud\GitHubRepositories\OpenGL-Voxels-Data-View\Cpp-3D-Interactive-Graphs-OpenGL\Dependencies\bullet\include\BulletCollision\BroadphaseCollision\btDbvt.h(398,35):
              see the first reference to 'btAlignedObjectArray<btDbvt::sStkNPS>::push_back' in 'btDbvt::allocate'
  
D:\pCloud\pCloud\GitHubRepositories\OpenGL-Voxels-Data-View\Cpp-3D-Interactive-Graphs-OpenGL\Dependencies\bullet\include\LinearMath\btAlignedObjectArray.h(220,10): warning C5033: 'register' is no longer a supported storage class
  (compiling source file 'source.cpp')
      D:\pCloud\pCloud\GitHubRepositories\OpenGL-Voxels-Data-View\Cpp-3D-Interactive-Graphs-OpenGL\Dependencies\bullet\include\LinearMath\btAlignedObjectArray.h(220,10):
      the template instantiation context (the oldest one first) is
          D:\pCloud\pCloud\GitHubRepositories\OpenGL-Voxels-Data-View\Cpp-3D-Interactive-Graphs-OpenGL\Dependencies\bullet\include\BulletCollision\CollisionShapes\btTriangleInfoMap.h(58,35):
          see reference to class template instantiation 'btHashMap<btHashInt,btTriangleInfo>' being compiled
          D:\pCloud\pCloud\GitHubRepositories\OpenGL-Voxels-Data-View\Cpp-3D-Interactive-Graphs-OpenGL\Dependencies\bullet\include\LinearMath\btHashMap.h(232,31):
          see reference to class template instantiation 'btAlignedObjectArray<Value>' being compiled
          with
          [
              Value=btTriangleInfo
          ]
          D:\pCloud\pCloud\GitHubRepositories\OpenGL-Voxels-Data-View\Cpp-3D-Interactive-Graphs-OpenGL\Dependencies\bullet\include\LinearMath\btAlignedObjectArray.h(218,26):
          while compiling class template member function 'void btAlignedObjectArray<Value>::resize(int,const T &)'
          with
          [
              Value=btTriangleInfo,
              T=btTriangleInfo
          ]
              D:\pCloud\pCloud\GitHubRepositories\OpenGL-Voxels-Data-View\Cpp-3D-Interactive-Graphs-OpenGL\Dependencies\bullet\include\BulletCollision\CollisionShapes\btTriangleInfoMap.h(231,21):
              see the first reference to 'btAlignedObjectArray<Value>::resize' in 'btTriangleInfoMap::deSerialize'
          with
          [
              Value=btTriangleInfo
          ]
  
  Generating code
  1 of 881 functions ( 0.1%) were compiled, the rest were copied from previous compilation.
    0 functions were new in current compilation
    9 functions had inline decision re-evaluated but remain unchanged
  Finished generating code
  Cpp-3D-Interactive-Graphs-OpenGL.vcxproj -> D:\pCloud\pCloud\GitHubRepositories\OpenGL-Voxels-Data-View\x64\Release\Cpp-3D-Interactive-Graphs-OpenGL.exe
